
> mini-supermarket-server@1.0.0 test
> jest

node.exe : PASS tests/staff.integration.test.js
At line:1 char:1
+ & "C:\nvm4w\nodejs/node.exe" "C:\nvm4w\nodejs/node_modules/npm/bin/np ...
+ ~~~~~~~~~~~~~~~~~~~~~~~~~~~~~~~~~~~~~~~~~~~~~~~~~~~~~~~~~~~~~~~~~~~~~
    + CategoryInfo          : NotSpecified: (PASS tests/staff.integration.test.js:String) [], RemoteException
    + FullyQualifiedErrorId : NativeCommandError
 
  Staff API Tests
    Staff API Tests
      Password Hashing
        ΓêÜ should hash password correctly with bcrypt (84 ms)
        ΓêÜ should verify password correctly (146 ms)
        ΓêÜ should reject wrong password (132 ms)
      Staff Controller Logic
        ΓêÜ should validate staff position correctly
        ΓêÜ should reject invalid position (1 ms)
        ΓêÜ should validate email format
        ΓêÜ should validate username format (1 ms)
        ΓêÜ should validate password minimum length
        ΓêÜ should validate employment type
        ΓêÜ should calculate pagination correctly (1 ms)
        ΓêÜ should calculate skip for pagination
        ΓêÜ should verify staff soft delete flag
        ΓêÜ should validate phone number format
        ΓêÜ should validate full name not empty (1 ms)
        ΓêÜ should generate order number format (1 ms)
      Staff Data Validation
        ΓêÜ should validate salary is positive number
        ΓêÜ should validate date is Date object
        ΓêÜ should validate account roles
        ΓêÜ should check staff account is active (1 ms)
      API Response Format
        ΓêÜ should have correct success response format (1 ms)
        ΓêÜ should have correct error response format (1 ms)
        ΓêÜ should have pagination format
        ΓêÜ should validate staff data structure (1 ms)

(node:103212) [MONGOOSE] Warning: Duplicate schema index on {"accountId":1} found. This is often due to declaring an index 
using both "index: true" and "schema.index()". Please remove the duplicate index definition.
(Use `node --trace-warnings ...` to show where the warning was created)
(node:113312) [MONGOOSE] Warning: Duplicate schema index on {"accountId":1} found. This is often due to declaring an index 
using both "index: true" and "schema.index()". Please remove the duplicate index definition.
(Use `node --trace-warnings ...` to show where the warning was created)
(node:113312) [MONGOOSE] Warning: Duplicate schema index on {"staffId":1} found. This is often due to declaring an index 
using both "index: true" and "schema.index()". Please remove the duplicate index definition.
(node:103212) [MONGOOSE] Warning: Duplicate schema index on {"staffId":1} found. This is often due to declaring an index 
using both "index: true" and "schema.index()". Please remove the duplicate index definition.
(node:103212) [MONGODB DRIVER] Warning: useNewUrlParser is a deprecated option: useNewUrlParser has no effect since Node.js 
Driver version 4.0.0 and will be removed in the next major version
(node:103212) [MONGODB DRIVER] Warning: useUnifiedTopology is a deprecated option: useUnifiedTopology has no effect since 
Node.js Driver version 4.0.0 and will be removed in the next major version
(node:113312) [MONGODB DRIVER] Warning: useNewUrlParser is a deprecated option: useNewUrlParser has no effect since Node.js 
Driver version 4.0.0 and will be removed in the next major version
(node:113312) [MONGODB DRIVER] Warning: useUnifiedTopology is a deprecated option: useUnifiedTopology has no effect since 
Node.js Driver version 4.0.0 and will be removed in the next major version
(node:113620) [MONGOOSE] Warning: Duplicate schema index on {"accountId":1} found. This is often due to declaring an index 
using both "index: true" and "schema.index()". Please remove the duplicate index definition.
(Use `node --trace-warnings ...` to show where the warning was created)
(node:113620) [MONGOOSE] Warning: Duplicate schema index on {"staffId":1} found. This is often due to declaring an index 
using both "index: true" and "schema.index()". Please remove the duplicate index definition.
(node:113620) [MONGODB DRIVER] Warning: useNewUrlParser is a deprecated option: useNewUrlParser has no effect since Node.js 
Driver version 4.0.0 and will be removed in the next major version
(node:113620) [MONGODB DRIVER] Warning: useUnifiedTopology is a deprecated option: useUnifiedTopology has no effect since 
Node.js Driver version 4.0.0 and will be removed in the next major version
(node:104376) [MONGOOSE] Warning: Duplicate schema index on {"accountId":1} found. This is often due to declaring an index 
using both "index: true" and "schema.index()". Please remove the duplicate index definition.
(Use `node --trace-warnings ...` to show where the warning was created)
(node:104376) [MONGOOSE] Warning: Duplicate schema index on {"staffId":1} found. This is often due to declaring an index 
using both "index: true" and "schema.index()". Please remove the duplicate index definition.
(node:104376) [MONGODB DRIVER] Warning: useNewUrlParser is a deprecated option: useNewUrlParser has no effect since Node.js 
Driver version 4.0.0 and will be removed in the next major version
(node:104376) [MONGODB DRIVER] Warning: useUnifiedTopology is a deprecated option: useUnifiedTopology has no effect since 
Node.js Driver version 4.0.0 and will be removed in the next major version
(node:105924) [MONGOOSE] Warning: Duplicate schema index on {"accountId":1} found. This is often due to declaring an index 
using both "index: true" and "schema.index()". Please remove the duplicate index definition.
(Use `node --trace-warnings ...` to show where the warning was created)
(node:105924) [MONGOOSE] Warning: Duplicate schema index on {"staffId":1} found. This is often due to declaring an index 
using both "index: true" and "schema.index()". Please remove the duplicate index definition.
(node:105924) [MONGODB DRIVER] Warning: useNewUrlParser is a deprecated option: useNewUrlParser has no effect since Node.js 
Driver version 4.0.0 and will be removed in the next major version
(node:105924) [MONGODB DRIVER] Warning: useUnifiedTopology is a deprecated option: useUnifiedTopology has no effect since 
Node.js Driver version 4.0.0 and will be removed in the next major version
PASS tests/supplier.integration.test.js
  Supplier Integration Tests
    Supplier Creation
      ΓêÜ should create supplier successfully (65 ms)
      ΓêÜ should reject duplicate email (15 ms)
      ΓêÜ should create supplier with optional fields (3 ms)
    Supplier Update Operations
      ΓêÜ should update supplier information (17 ms)
      ΓêÜ should toggle supplier active status (12 ms)
      ΓêÜ should update contact information (7 ms)
    Supplier Query Operations
      ΓêÜ should query active suppliers only (20 ms)
      ΓêÜ should query inactive suppliers (7 ms)
      ΓêÜ should search supplier by name (3 ms)
    Supplier Pagination
      ΓêÜ should paginate suppliers correctly (3 ms)
      ΓêÜ should calculate pagination metadata (3 ms)
    Supplier Data Integrity
      ΓêÜ should preserve timestamps (2 ms)
      ΓêÜ should validate required fields (1 ms)
      ΓêÜ should set isActive default to true (2 ms)
    Supplier Delete Operations
      ΓêÜ should soft delete supplier by deactivating (5 ms)
      ΓêÜ should hard delete supplier completely (3 ms)
    Supplier Statistics
      ΓêÜ should count total suppliers (2 ms)
      ΓêÜ should count active suppliers (2 ms)
      ΓêÜ should get suppliers with product count (4 ms)

PASS tests/product.integration.test.js
  Product Integration Tests
    Product Creation
      ΓêÜ should create product successfully (31 ms)
      ΓêÜ should validate product unit (4 ms)
      ΓêÜ should support multiple categories (12 ms)
    Product Update Operations
      ΓêÜ should update product information (19 ms)
      ΓêÜ should update stock correctly (10 ms)
      ΓêÜ should track product status based on stock (2 ms)
    Product Query Operations
      ΓêÜ should query products by category (4 ms)
      ΓêÜ should query available products (6 ms)
      ΓêÜ should find low stock products (3 ms)
    Product Pagination
      ΓêÜ should paginate products correctly (3 ms)
    Product Data Integrity
      ΓêÜ should maintain supplier relationship (20 ms)
      ΓêÜ should preserve timestamps (2 ms)
      ΓêÜ should validate required fields (1 ms)
      ΓêÜ should set default status to available (2 ms)
    Product Statistics
      ΓêÜ should count products by category (5 ms)
      ΓêÜ should calculate total available stock (4 ms)
    Product Soft Delete
      ΓêÜ should discontinue product (3 ms)
      ΓêÜ should query only available products (7 ms)

PASS tests/order.integration.test.js
  Order Integration Tests
    Order Creation
      ΓêÜ should create order successfully (8 ms)
      ΓêÜ should create order with order items (15 ms)
      ΓêÜ should set order date to current time (3 ms)
    Order Status Updates
      ΓêÜ should update order status (8 ms)
      ΓêÜ should support all valid order statuses (5 ms)
      ΓêÜ should transition through order statuses (13 ms)
    Order Update Operations
      ΓêÜ should update order items (6 ms)
      ΓêÜ should add order notes (4 ms)
    Order Query Operations
      ΓêÜ should query orders by status (2 ms)
      ΓêÜ should query orders by customer (2 ms)
      ΓêÜ should search order by number (3 ms)
    Order Pagination
      ΓêÜ should paginate orders correctly (2 ms)
      ΓêÜ should calculate pagination metadata (2 ms)
    Order Data Integrity
      ΓêÜ should maintain customer relationship (19 ms)
      ΓêÜ should preserve timestamps (2 ms)
      ΓêÜ should validate required fields
    Order Statistics
      ΓêÜ should count orders by status (3 ms)
      ΓêÜ should calculate total revenue from delivered orders (2 ms)
      ΓêÜ should count orders per customer (1 ms)
    Order Deletion
      ΓêÜ should only allow deletion of pending orders (4 ms)
      ΓêÜ should preserve delivered orders (3 ms)

PASS tests/invoice.integration.test.js
  Invoice Integration Tests
    Invoice Creation
      ΓêÜ should create invoice successfully (14 ms)
      ΓêÜ should create invoice with items (5 ms)
      ΓêÜ should auto-generate invoice number format (2 ms)
      ΓêÜ should set default payment status to unpaid (4 ms)
    Invoice Update Operations
      ΓêÜ should update invoice notes (8 ms)
      ΓêÜ should update payment status (4 ms)
    Invoice Query Operations
      ΓêÜ should query invoices by status (5 ms)
      ΓêÜ should query invoices by customer (2 ms)
      ΓêÜ should query invoices by order (1 ms)
      ΓêÜ should search invoice by number (3 ms)
    Invoice Pagination
      ΓêÜ should paginate invoices correctly (3 ms)
      ΓêÜ should calculate pagination metadata (1 ms)
    Invoice Data Integrity
      ΓêÜ should maintain customer relationship (19 ms)
      ΓêÜ should maintain order relationship (5 ms)
      ΓêÜ should preserve timestamps (2 ms)
      ΓêÜ should validate required fields (1 ms)
    Invoice Items
      ΓêÜ should create and retrieve invoice items (6 ms)
      ΓêÜ should cascade delete invoice items (4 ms)
    Invoice Statistics
      ΓêÜ should count invoices by status (2 ms)
      ΓêÜ should calculate total revenue (1 ms)
      ΓêÜ should calculate average invoice amount (1 ms)
      ΓêÜ should group invoices by month (1 ms)
    Invoice Deletion
      ΓêÜ should delete invoice and cascade delete items (6 ms)

PASS tests/customer.integration.test.js
  Customer Integration Tests
    Customer Creation
      ΓêÜ should create customer successfully (8 ms)
      ΓêÜ should support different membership types (218 ms)
      ΓêÜ should set default membership to regular (55 ms)
    Customer Update Operations
      ΓêÜ should update membership type (76 ms)
      ΓêÜ should update customer notes (4 ms)
      ΓêÜ should update points balance (2 ms)
      ΓêÜ should update total spent (2 ms)
    Customer Query Operations
      ΓêÜ should query all customers with pagination (3 ms)
      ΓêÜ should query by membership type (1 ms)
      ΓêÜ should find customer by account ID (2 ms)
      ΓêÜ should populate account information (19 ms)
    Customer Pagination
      ΓêÜ should calculate pagination correctly (2 ms)
      ΓêÜ should skip records correctly (2 ms)
    Customer Data Integrity
      ΓêÜ should maintain account relationship (3 ms)
      ΓêÜ should preserve timestamps (1 ms)
      ΓêÜ should validate required fields (2 ms)
      ΓêÜ should set default points to zero (68 ms)
    Customer Points Management
      ΓêÜ should add points (2 ms)
      ΓêÜ should subtract points without going negative (3 ms)
      ΓêÜ should set points directly (2 ms)
    Customer Spending Statistics
      ΓêÜ should track total spent amount (3 ms)
      ΓêÜ should count customers by membership (2 ms)
      ΓêÜ should calculate total points issued (1 ms)
      ΓêÜ should calculate average spending (1 ms)
    Customer Deletion
      ΓêÜ should delete customer completely (54 ms)

Test Suites: 6 passed, 6 total
Tests:       129 passed, 129 total
Snapshots:   0 total
Time:        2.252 s
Ran all test suites.
